created node n1 with cost 2
created graph X
created node n2 with cost 3
added node n1 to X
added node n2 to X
added edge from n2 to n1 in X