created node n1 with cost 2
created graph X
added node n1 to X
assretion error
X contains: n1
